Hostname: cs711.hpc.nyu.edu
Starting at: Fri Jul 24 16:12:04 EDT 2026
Generating 100 shuffles per chunk (seeds 42-141):
  up_1_20              (20 nt, GC=0.50)
    seed 0: ACCTTCCTTCGTATTCGTCG
    seed 1: GCTGTCTTCTCGCTATCACT
    seed 2: CCGCACTCAGTTTGTTTCCT
    seed 3: ACCATCGCGTCTTTCTCTGT
    seed 4: TCTTCTTCCCCGCTGGTAAT
    seed 5: CGTTTTTGCTTGACTCCCCA
    seed 6: TTTCATCCGCTTCCGAGTTC
    seed 7: CTCAATCTGTCTGTTCCTCG
    seed 8: GTCCTCACAGTTGTCTTTCC
    seed 9: TCCTTCGGATCATTTGCTCC
    seed 10: GGTCCTCCCTTCAGCTATTT
    seed 11: CTTTTCGACCCTTTCCGGTA
    seed 12: CTTCTCTCGTCGACGTTCAT
    seed 13: CTCCTGATTTCTGCACGCTT
    seed 14: CGTTTTATCCCTCTGCGTCA
    seed 15: TCCTGTCCCTCTCTTGGATA
    seed 16: CACCCCGCTTTGTCTATTTG
    seed 17: ATCCTCTCGTCTACTTTCGG
    seed 18: TCGCCAGCCCCTGTATTTTT
    seed 19: TAGTCTTTTCCCGCCTGCTA
    seed 20: TCACCGTTTTATCGGCTTCC
    seed 21: TAGCTGATCGTTCCTCTCCT
    seed 22: TTCGCTCCTTTACCTTGGAC
    seed 23: CCTATCCGCTTTACTCTGTG
    seed 24: CGTCGTTGTTCCTCTCTAAC
    seed 25: TTTTTCTCCTCATCCCAGGG
    seed 26: TCTGCGCTGTATTCTCTCCA
    seed 27: CCTGATCTCATTGCCGTTCT
    seed 28: CGCTCCTTCGTCTTGCAATT
    seed 29: TGTTTCTACTGCCGCTACCT
    seed 30: TTCATCTTCTCCTGTGACCG
    seed 31: GGTACCTCTTCATTTCCGTC
    seed 32: CGTTTTCCATCCGCATTCTG
    seed 33: TCTTTCGTCCGATCTACGCT
    seed 34: CGCTCGTTCCCTTGACTATT
    seed 35: CGCTTTCTGTCCTCCTGTAA
    seed 36: GGTCCACTTACGTTTTCCCT
    seed 37: TAGCCCCTTACCTTGCTTGT
    seed 38: ACCTTCTCAGCGTTCCGTTT
    seed 39: TTCCTTCCGAATCGGCTTTC
    seed 40: ACTCTATTTTCCGCTGGCTC
    seed 41: CGTTCCCCCTTGAGTTCATT
    seed 42: TCGCCTTGCTGTTCTAATCC
    seed 43: TACCGATTCCCTGTCTTCGT
    seed 44: TCCTCATCCTGTCGATTGCT
    seed 45: CCTTCTTTAACCGGTTTGCC
    seed 46: TCTATTCCTTGGCGCATCTC
    seed 47: CGTTCCTTCTCCTAGCATGT
    seed 48: TGCCTGTTCTCTTCCAACGT
    seed 49: CCTTTTGTTACATCCCGGCT
    seed 50: TCTTCTCTTGACCCCGTAGT
    seed 51: CTTTCTTTGTTCCCAGACCG
    seed 52: CTCCGACCTATCTTGCTGTT
    seed 53: GCACGCGCTTTTTTCCTCTA
    seed 54: TGCTTATCCGCTTCTTCCGA
    seed 55: GTCTTTAACTCCGCCTCGTT
    seed 56: CTCACGTTCTTTTCGTCGAC
    seed 57: TATCGCCATTTGCTGCTCTC
    seed 58: ATCTTGTTCCCGTCGCTTCA
    seed 59: GTTTTCTCACGGTCTCCACT
    seed 60: CACTTCGGTCCCTTTTGATC
    seed 61: TGCTCTCCTCTTCGTACATG
    seed 62: TCTCCTGATCGCTTACGCTT
    seed 63: GTGTCCGCATCTACTTCTTC
    seed 64: CCTCCGGATTTTTTACCGTC
    seed 65: CAATCTGTCCCGGTTTTCTC
    seed 66: CCTGTCCTATCCTTTGGTCA
    seed 67: CCCCTCTTATGGTTATCCTG
    seed 68: ATCACCGCGCCTGCTTTTTT
    seed 69: CTCGTCTCAGGTACCTCTTT
    seed 70: CTCCTGTTATACGTCTTCCG
    seed 71: TTTTGCCTCACTGATGCCCT
    seed 72: TTATGCTCTTCGTCCGACTC
    seed 73: ATCTTTTCCGGTCAGCCCTT
    seed 74: CGTTCTTCCCCTCTTAGTGA
    seed 75: CCGTTGTTAACTTGCCTCCT
    seed 76: CGCTCGTCTTTATTCGCATC
    seed 77: TTTCTGCGTGCCACCTTCAT
    seed 78: CTAATTCGTGCCCGTTCCTT
    seed 79: AGCCTGCTTACTCTTTGCTC
    seed 80: TCCCTTGGATCTGACTTTCC
    seed 81: GATTACGCGTCTCTCTTCTC
    seed 82: TGCCCTTGTTTCAGCCCTTA
    seed 83: CTTTCCTTTATGACGCCCTG
    seed 84: TCCTATTCTCACCGCTGGTT
    seed 85: CCTGTTTATTCTCCCGATCG
    seed 86: CCCTCGATCTCAGTTGCTTT
    seed 87: TTTGACTCTCAGTTCTCCGC
    seed 88: GCCTCTTGTTGCTTATACCC
    seed 89: TCCATATCGTCCCGTCTTGT
    seed 90: TTTGTCCCTCCGATCTTAGC
    seed 91: TCGTGCCCCTGCCATTATTT
    seed 92: GTTCGCTCTTCATCGTATCC
    seed 93: CATTTCATCTGCGCCGTTCT
    seed 94: GTCCTTAGTCCGCCTTTCTA
    seed 95: TATCTGCTCTGCCCTACTTG
    seed 96: CTTGATATGCCCTTTTCGCC
    seed 97: CTATGGACTCCTTGCTCTCT
    seed 98: CGTGTTCCTATCCACTCTTG
    seed 99: GCCTTCTCCCGTATGTCTTA
  up_21_40             (20 nt, GC=0.50)
    seed 0: TTCTGCCTACATTGGCTTCC
    seed 1: TCTCGCGTCGCATTTTCTCA
    seed 2: CTCCTCTCTTAGGAGTTCCT
    seed 3: TCCTTCACCGTGGACTCTTT
    seed 4: GCTGCTGCTCCACTCTTTTA
    seed 5: CTGTTGGCCATATCTCCCTT
    seed 6: GGACTTTCTCTGCCATCTTC
    seed 7: CTCTTTCTTACGCGTCCGTA
    seed 8: CGCTTCTCTAAGTTCTTGCC
    seed 9: GTCTTCCTTGCTTATACGCC
    seed 10: ACGCCACCTTGCTTCTTGTT
    seed 11: CATGTTATCCCGTTCCTCGT
    seed 12: TTTCGCACCGCTTCAGTCTT
    seed 13: CATCTATGGGCTTCTCCCTT
    seed 14: CCGGTGTTCCCACTACTTTT
    seed 15: ACCTCGTCCTCTCGGATTTT
    seed 16: CTCCCCATGTTCACGTTGTT
    seed 17: TTCTGCGCATCTTCTAGCCT
    seed 18: ACTCTTCCCCCTAGTTGTGT
    seed 19: ATTGTTGGTCCCCCCTACTT
    seed 20: TCTCCAGTATTGCCTTGTCC
    seed 21: GTACTTTTCCATCCGCGTCT
    seed 22: TGCACTCCGGTTTCATCTTC
    seed 23: TCGTTCCTCTGTTCGCTCAA
    seed 24: CATTTTTCGTCCACGCGTTC
    seed 25: AGTGTCTCCGCTTCCTTATC
    seed 26: GCTTCCCTATTGGCATTCCT
    seed 27: CCGATTCACTTGCCTTTTCG
    seed 28: CCTGCCGTCTGCTAACTTTT
    seed 29: TCGTTTTTCGTCCACGTCCA
    seed 30: TTCTGCAGCGCTTTTCTCCA
    seed 31: ATGTCCTCGTCTTGACCCTT
    seed 32: CTTGGTTCTGCCACTATCTC
    seed 33: GCGTTTCACCATTCGTCTCT
    seed 34: CTCGCAAGCCCGTCTTTTTT
    seed 35: TTCGTTCTAACCTCCGCGTT
    seed 36: TAGCCTCAGTCCTTGTCCTT
    seed 37: TTCCCCCTTTTCGTACGGTA
    seed 38: TCCTTCGCTATCAGCCTTGT
    seed 39: TGCTTTCCATTTCCTCGGAC
    seed 40: TCTCGTTGATTCACTTCCGC
    seed 41: TCGTCCCCCTTATTGTCTAG
    seed 42: GCACCTATCTCTGCGTTTTC
    seed 43: TTCCCTGGCCTGATCTACTT
    seed 44: TCTGCTGCCGTTCCTTTACA
    seed 45: CCTGTAGTTTCCATTTGCCC
    seed 46: GCTTTTCTAGATCCCTGCTC
    seed 47: CATTCCGGTACCTTCCTTTG
    seed 48: ACCCTTTGCTTGTCCTTCAG
    seed 49: CCTAGTATGTCTGTCCCTCT
    seed 50: GCTTCACGGATCCTCTTTCT
    seed 51: TGGTCTTATTGCCCTATCCC
    seed 52: CTCCATTCGTTCTGCCGTAT
    seed 53: ACTCTCCCAGTGTTCTGCTT
    seed 54: GCCTTTATCTCGTCGTCCAT
    seed 55: ATCGATTTCGCCTCTTCCTG
    seed 56: CACTCTTTCGTGGTCTCATC
    seed 57: GTTTCCCTGGTTCAACTCTC
    seed 58: TTTGATGTCCCCTCACTGCT
    seed 59: TGGATTTCTCACTCTCCTCG
    seed 60: CTCGTCCTTCCCTGATATGT
    seed 61: ACCGTTCCGCTTCATTCTGT
    seed 62: TCGCCTTTTTCCTGTCACGA
    seed 63: CTAGCCTTTTCGTCGTCTAC
    seed 64: CCACTCATGTGTTGTCCTTC
    seed 65: TTTTCTTGCCCACGTAGCTC
    seed 66: CCGTGCCGTACTTTTCATCT
    seed 67: CCCTTCTATGTATGTTCCGC
    seed 68: TTTTCCCCTCCTACAGTTGG
    seed 69: CTCTTCGTTACTTCCTCGGA
    seed 70: CGCCGTAGTTTTCTCTTCCA
    seed 71: TGTATCCTCTCGATTCCCTG
    seed 72: GTTTACGCTTCTACTCTCGC
    seed 73: TGCGTTTCTTATCTCCCCAG
    seed 74: CTAGCGTCTCCTCTGTATCT
    seed 75: CCCTTTTGTTTAGACCGCCT
    seed 76: CTTACCTCGTTTTGCACTGC
    seed 77: TTGCGCCATTTCTCCGACTT
    seed 78: CTTTGATATCCCCTTGCCTG
    seed 79: TACCGCCTTTCTTGGTTCAC
    seed 80: ACCCTTACTGCTTTCGTGCT
    seed 81: TTGTTCACCTCGTGCTTCAC
    seed 82: AACCTTTCGGTCTTCCCTGT
    seed 83: TATGCCGTTTTCTCTCCCGA
    seed 84: GCCGTTTCGCTCTCCATATT
    seed 85: CCTCGATTTTCGCCCTTGTA
    seed 86: TCCTCCTGCTCTTGTACGTA
    seed 87: GGGATCATTCTTTTCTCCCC
    seed 88: TTCACTTATGCCGGTTTCCC
    seed 89: ATCTGTTCTTCCCAGCGTCT
    seed 90: TGTATCCCGCCTTTCAGTCT
    seed 91: GCTTACCTCTCCCTAGTTGT
    seed 92: TTGCACTCAGTTTCCTTGCC
    seed 93: CTGTGCTTCTCCATCTTGCA
    seed 94: CACCTTTAGTCTCCTGGCTT
    seed 95: ATTCTTCGTTCCCCGTCGTA
    seed 96: CTAATGTTCCCCTGTGCTTC
    seed 97: TTTTTCTCACCTGACTCGCG
    seed 98: CTGATTCCTTATCTCGCTGC
    seed 99: TCCGTCTCTCCTTGAGCATT
  up_41_60             (20 nt, GC=0.45)
    seed 0: ATTTGCGATTGGTCTGGCAT
    seed 1: GATTTCGAGCTGTCTGGATT
    seed 2: ATTGTTACAGTCTGGGCTGT
    seed 3: TGCACTGATGTTCTGTTGGA
    seed 4: CAATTCGCTGTGGTTGGTAT
    seed 5: GGCGAGTTTTTGAGCCTATT
    seed 6: GCTGTCTAGCGTGTGATTAT
    seed 7: ACCATGGTGTGCTTATTGTG
    seed 8: TGGTGGTTAGTTGTCCACTA
    seed 9: CTACGTTGAGTTTTAGCTGG
    seed 10: GTTGTTGATCGCAGTATCGT
    seed 11: GTTGATGATCGTCGTAGTCT
    seed 12: TGAACCTGTGTGTTGTTGAC
    seed 13: TTTACGAGCTCTGGTGTTAG
    seed 14: GTTCTGAATAGTTGGCGCTT
    seed 15: TAGGTTTTTTGCCGCGGTAA
    seed 16: TAGCTAGTCGATTGTTTGCG
    seed 17: TGCTGGTGGATTATCTCATG
    seed 18: TTGATTTGTCGTGTAGGACC
    seed 19: TTGCTATGTCGATGTGGTCA
    seed 20: ATATGGTCTTTGGTGTCGAC
    seed 21: GAGTCGTTTTTAACCGTTGG
    seed 22: TGGGCCTGTCGTTATATGAT
    seed 23: TACACTGGTTTATCGGGTTG
    seed 24: AGGTGCATCTTGTGGTTATC
    seed 25: TGGTTAAGCCGACTTTTGGT
    seed 26: CGTGGTACGAATGTTTGTCT
    seed 27: TGCGTACTTACGTATGGTGT
    seed 28: CTTTGGGAAGCTCTGTATGT
    seed 29: GTGCATTACTGGTGACTGTT
    seed 30: TCTATGTGGCATAGGTTTCG
    seed 31: GGCATTGGTTGTAGTACTCT
    seed 32: CGACGTTATTTGGTATCGGT
    seed 33: TGGTCTTTGTGAAACTCGTG
    seed 34: TGCTTGTGGAGCTTATATCG
    seed 35: TGATTATCGTCGGGTGTCAT
    seed 36: GGCCGATTGTTTCTTGGATA
    seed 37: TATATTGACTTCCGGGGTGT
    seed 38: AAGACTCTTGTTTGCGGTTG
    seed 39: ACGTCGCGGATTATGTGTTT
    seed 40: TTTGGACTTATCGGGGTACT
    seed 41: TTTCGCAGTTGGAGGATTTC
    seed 42: GCGTGCTGTTTACATATGTG
    seed 43: CAGCTTGCTGTTGTAATTGG
    seed 44: CCTTTTCGGGGAATATGGTT
    seed 45: TTCTTTGAATGAGGTGCTCG
    seed 46: GTGATCATTTGGCTTTCGAG
    seed 47: AGTATGCGTTCGGATTTCGT
    seed 48: TTGAAGCTGGTCTCTTATGG
    seed 49: ATGTGCGACTGATTTGTGCT
    seed 50: GGGCATGTCGTTTTCGTATA
    seed 51: TGCGATCTGATGCGAGTTTT
    seed 52: CTGTGATTGTAAGTTGCGTC
    seed 53: GTTCGGTATCCTAGTTGGTA
    seed 54: GTTCTTTTAGTTAGCGCGGA
    seed 55: GTCTTGATTGGGGATCTTAC
    seed 56: GTATTGGACGCCTTTTGGAT
    seed 57: GAGTTTTTTCAGGTGGCCTA
    seed 58: AGTGTGTAAGCTCTGTTCGT
    seed 59: GTGTCTTTTAGTGGACTAGC
    seed 60: GTGCTTTGGATCATTCGAGT
    seed 61: TTTCTAACGGTCTGGAGTTG
    seed 62: TAGGGCGAATTTGTTCGTCT
    seed 63: TCGTGAGTAGGGTTCTCATT
    seed 64: GTTATTGTGACTCTAGTGGC
    seed 65: TTAAGTGTCGAGTCCTGTGT
    seed 66: TCTGCGTGATATCGTTGAGT
    seed 67: CTGTATCTTGGGTTAGGACT
    seed 68: TGTAGGTTGCTAGATCCTTG
    seed 69: TCTGGCCTAGTATGGTAGTT
    seed 70: GCTCTGTGTAATTTTGCAGG
    seed 71: AGCTGTCTGAACGTGTTGTT
    seed 72: GTACGGCTAGCGTATTTGTT
    seed 73: ATGGCGTTTGGAGTTCATTC
    seed 74: AGTTGGGTTGCATTCAGCTT
    seed 75: GTTTCGAGTATTTGTCCGAG
    seed 76: GGTTGTAAGTCTGTTGCACT
    seed 77: CAGCTTTGGGTATTGCTGAT
    seed 78: TTTATTTGATCGGGGCATCG
    seed 79: TGTATTGAGACTTGCCGGTT
    seed 80: TTGGTAGTATTGGTCGCCAT
    seed 81: GTTTAGGCTATCTGGCGTTA
    seed 82: TGCTTTGTCTCTTGGAGAGA
    seed 83: TTGCGTGCAATTTCGTGATG
    seed 84: TGCGTATACGATTTTTGGCG
    seed 85: GGCTCTAATGTTCATGTGTG
    seed 86: TAGCCTAGGTTTGCAGTTGT
    seed 87: CTGGTTTTCAAGAGTTGGTC
    seed 88: GTATGGAGTGTCTCTCATTG
    seed 89: TTTATTAGGTGTCGCAGCTG
    seed 90: ACTGCTGCTATGTGGTGATT
    seed 91: CTGTGACTGCTTGATTTGGA
    seed 92: GCTCGTGGTGTATGTATCAT
    seed 93: GACTGATGCCTGGTTGATTT
    seed 94: TTGATCTGCTTGCTATGGGA
    seed 95: TAAGCGCGTTTTTGCTATGG
    seed 96: TATGTGACTCAGTTGCGGTT
    seed 97: TGTCGTATTTAACGGTCTGG
    seed 98: TGTGTCTGAATTATGCCGGT
    seed 99: GCTCGGAGTTTCAGGTATTT
  ds_1_20              (20 nt, GC=0.60)
    seed 0: GCGGTTTCGCACACGTCAGA
    seed 1: CGGAGTTCTCGACAACTGCG
    seed 2: GCATACCTGCGCGATCAGTG
    seed 3: ATTGAGAGATCGCGTGCCCC
    seed 4: CGCGGATTCTCATGACCAGG
    seed 5: TCCCCTGACGGAGTATGGCA
    seed 6: TCGTAACGCTCGTGAGAGCC
    seed 7: GATGACTGCGTCAGCGCTCA
    seed 8: ATTCCTAGGAGGCGTACCCG
    seed 9: CCGACCACGTGAGGCATGTT
    seed 10: AAGTCGTGCATTGCGCACCG
    seed 11: TGGTCCAGCTTGACGGCACA
    seed 12: CCCGCTGTATGCACAGGTGA
    seed 13: GGCGAAGTCGTGCTATACCC
    seed 14: TAGCGTGCGGTGCCATCACA
    seed 15: GGTCAGCCGGTATTCACACG
    seed 16: CGTTGGACCCCAGTGAGTAC
    seed 17: ACTCTTGTACCGGGAGCGAC
    seed 18: GGCGCAATCTTGAGGCTCCA
    seed 19: GACCCCGTGTTGATGCACAG
    seed 20: CGGCTAGAGGATTACCCCGT
    seed 21: TGAGACAGCAGCGTCTGCTC
    seed 22: GTTATACTGCCACGGCACGG
    seed 23: CGCGAGTCCGGCATTTCAGA
    seed 24: GACCCACACGCTGTTGGGAT
    seed 25: GTCGGGCTTCTGACGCAACA
    seed 26: CTGCTAGAACGGTGGCCCTA
    seed 27: GTCAACTGCGATAGCCCGTG
    seed 28: TACGTTTCGCCCAGAGGACG
    seed 29: CATACCGGTGCTGAGCATCG
    seed 30: GAGGGTGTTCGCCCCAACTA
    seed 31: ACCGGCCTGGTACTGGTAAC
    seed 32: TCCCTGCGAGCTAGGGATCA
    seed 33: GTTGACAGTGAGCGCATCCC
    seed 34: CCTGGAGTTGTCGAGCCAAC
    seed 35: CCGGGCCAAGTTCTGTACGA
    seed 36: CACTTGCGTAGAAGGCTGCC
    seed 37: GGAGGCTCAACTCCATTGCG
    seed 38: GGTCACCGAACAGTTTCGGC
    seed 39: CCTCACTTAGAGGACCTGGG
    seed 40: AGGTTGAGGCCTATCCAGCC
    seed 41: CAGATTGTGGCAGCTCCAGC
    seed 42: TTACTAGCGGACCGGGACCT
    seed 43: AGTTAATCGTCGAGGCGCCC
    seed 44: ATCGGACTTTCCGAGGCACG
    seed 45: GCAGCGTCGATGACGCCATT
    seed 46: TGCGGAGCGGACTACACTCT
    seed 47: GAGCGTCTCGTTCGACAACG
    seed 48: GATGCCAGTCCCGTGAGCAT
    seed 49: GCCGTAACCATGGCGTACTG
    seed 50: TTCAGGTGCAAGCCTCGGAC
    seed 51: CTCCGGAGCCGTTTGAACGA
    seed 52: TGTGAGCCTACGCGATCCGA
    seed 53: ACATCTAGGCAGCCGCTTGG
    seed 54: TACAGAGCGCGGCTCCTTAG
    seed 55: AGTGGCGAGTTTCGCACACC
    seed 56: TGGAGCCCTTACGCAGTAGC
    seed 57: TGCCACGAGCCCTGATATGG
    seed 58: GCCTGCGCGTTAAGACGCTA
    seed 59: CGTGACGCAGAACTCTGGTC
    seed 60: TATCGCACCGGTCGGAAGTC
    seed 61: GACCCCGTTTGAGACGTAGC
    seed 62: GGTTTACGCCAGCGATACCG
    seed 63: AAAGTGCCGCTTACCGTCGG
    seed 64: TGGGCAAATCCGAGGTCCCT
    seed 65: CAGCTGCGTTGAACAGTCCG
    seed 66: CTGCCTGTGGGCACGAACTA
    seed 67: TCTCCGAGATCAGGGCTGCA
    seed 68: ACCGTTACCTGCAGGCAGGT
    seed 69: GACCCTCCGAACATTGGTGG
    seed 70: TCGTGCGTACGCAGCCAGTA
    seed 71: CTAGCCTGTGGCAACAGTCG
    seed 72: TGGAATCCCCTCGGCAATGG
    seed 73: GGTTACGGCCACTAATGCGC
    seed 74: GCGGTTCCCTTCGGCGAAAA
    seed 75: TCAGACCTAGCGGAGTCTGC
    seed 76: TCCGTACGTGAACGCATGCG
    seed 77: ACTTGACACCCGAGTCGTGG
    seed 78: GGAGGGCACATTTCCCGCAT
    seed 79: AAGGGATCCGTGCTCACTGC
    seed 80: GCTTGCAAGGGCCATTACGC
    seed 81: CAGGGTATACCCCTTACGGG
    seed 82: GATGCGCACGACACTGTCTG
    seed 83: CGCCTCTACGGAATCGTGGA
    seed 84: GTTTACGGCTGGCACGCAAC
    seed 85: TTAACGCGGCCGTGGCATCA
    seed 86: CGTATAGTTGGACCCACGCG
    seed 87: CGTAAGGCAGGCCCCGTTAT
    seed 88: CCGGTCCAGTATGCAAGCGT
    seed 89: GCCGGACTCGTGTACGTAAC
    seed 90: CCGAAGTTGGCCACTGTGAC
    seed 91: CGCGAGTCTAACTGGGACTC
    seed 92: CAGTACCTGTCGGTACACGG
    seed 93: TGCGTGACTAATACGCCGCG
    seed 94: AGTGGAAACCCCTGCGTTCG
    seed 95: GGCTACTTCGAGCTCAGGCA
    seed 96: GCGAATGAATGTGGCCTCCC
    seed 97: CCAACAGCGGGCCATGTGTT
    seed 98: GCGAGACTCGGCGATCTCTA
    seed 99: CTCCCTCTCGAAGTAGGGGA
  ds_21_40             (20 nt, GC=0.35)
    seed 0: CTCTTCTTATCGTTGTCTTT
    seed 1: CTTTGCTTTTCCTTTGTCTA
    seed 2: TTTTTTTCCCATGCTGTCTT
    seed 3: TTCCTCCTTTTGTATTTGCT
    seed 4: TTTGCTTCTTTCTTTCGTCA
    seed 5: TCTGTTGTTATCCTTCCTTT
    seed 6: TTATTTTTCCGGTCCCTTTT
    seed 7: TTCCTGTTCATTTGTCTTTC
    seed 8: TTTTGTTCCCAGCTCTTTTT
    seed 9: TTTTGTTCCTCTTATCCGTT
    seed 10: CTGTTATTTTTCCCCTTTGT
    seed 11: TATTTTCCTCTGTGCTCTTT
    seed 12: TGTTTCATTTCCTTCGTTCT
    seed 13: CATTTCCTTGCTCTTTTTTG
    seed 14: TTGTTTCTCTTATGCCCTTT
    seed 15: ATTGTGTTCTTTCTTCCTTC
    seed 16: TCTCCTCTTGTTATGTTTTC
    seed 17: TGCTTTGTCTTTCCTATTTC
    seed 18: ACCTTTTTTCTTCGCGTTTT
    seed 19: ATCTTTGTTCTTTTCGCTTC
    seed 20: TCCTTCGTATTTTTCTTGTC
    seed 21: TCCCTCTTTTATTCTTGTTG
    seed 22: TTTCCTTTGTGTTTATTCCC
    seed 23: TTTCTCTCTTGTTCTTGTAC
    seed 24: TCGTCTTTTTTTATTCGCTC
    seed 25: ATGGTTTTCTTCTTCTTCCT
    seed 26: TTTCTTTTCTCGTCATGTCT
    seed 27: CTTCTTCATCTTTTTCGTTG
    seed 28: CTTGTTTTTCTTTACCCTGT
    seed 29: GTTTTTTCCGCTCCTTTTTA
    seed 30: TTCCGTATTTTTTCGTTTCC
    seed 31: CCTCCTGTGTTTTTATCTTT
    seed 32: CCTTTTTTTGTTCCCATTGT
    seed 33: GTTTTTTATCCCTTTTCCTG
    seed 34: TCCGCCATTTTTTTCTTTTG
    seed 35: TCTGTTTTCACTGTCTTTCT
    seed 36: CCTCTCTATTCTTTGGTTTT
    seed 37: TCTTCTTTTTTCTGCTTGCA
    seed 38: CTTTTTTCTCTTATCTCTGG
    seed 39: TTTTTGCTCCTTTTCTTGAC
    seed 40: TCTTTCTGATTCCTGCTTTT
    seed 41: TTGTTCTTCTGCCCTTTTAT
    seed 42: TCCTTTACCTTTTTGCTGTT
    seed 43: TCTCTTTTCTTGCTTTATCG
    seed 44: TCTGCTTTTTCTTTCTGCTA
    seed 45: CTTGTATTCTTTCCTGTTCT
    seed 46: TCGCTTTTAGCCCTTTTTTT
    seed 47: TCTTCTTTTACTGCTTTTCG
    seed 48: ATTTTCTGTGTTTCCTCTCT
    seed 49: TTGATTCTTTTCGTCTTCCT
    seed 50: TTGTTATGTCTCTTCCTCTT
    seed 51: TTTGTTTACTGTCTCCTTCT
    seed 52: CTTCCCTTTTTTGGTTTCAT
    seed 53: CTTCCTTTATTGTGCTTTTC
    seed 54: TTTTTTATTCCGTTTGCTCC
    seed 55: CTCGAGCTCTTTCTTTTTTT
    seed 56: TATTCCGTCTTTGTTTTCCT
    seed 57: TCGTTTCTGTTCTACTTCTT
    seed 58: CGTTACGTTTCTTCCTTTTT
    seed 59: CGTATTTTTTCTGTTCCCTT
    seed 60: TTTTTTTCGTCCTGATCCTT
    seed 61: ATTTTTTCTTTTCCGCTTGC
    seed 62: TTTTTTCCTTTCGGTCCTTA
    seed 63: TTCGTTCTCGTTTTTTCTAC
    seed 64: TCATTTCTTTTTTGCTTCGC
    seed 65: TTCTTTCGCTTCTTTATTGC
    seed 66: TCGCTTCTCATTTGTTCTTT
    seed 67: CTTTTCTATTCCTGCGTTTT
    seed 68: TGTCTTTTCCCTCTATTTGT
    seed 69: CTTCGCTTCCTTTTTTTTGA
    seed 70: TTCCGCATTTCTTTTGTTTC
    seed 71: TTTACTCTTCTTCTGTCTTG
    seed 72: TTCTCTTTTGCCATTTTTGC
    seed 73: CGTTTGTCTCCTTTTCTTAT
    seed 74: TCAGTTGTTTCTCTTCCTTT
    seed 75: TTTTTCTTTCTAGCCCTTTG
    seed 76: TCTATTTTTTTTGGTCCCTC
    seed 77: TTTCGTTCGCTTTCTTATCT
    seed 78: CTTCGATCTTCTTCGTTTTT
    seed 79: TCCTGTTTGCCTTTTTCTAT
    seed 80: ATTTTTCTCGCGCTCTTTTT
    seed 81: CTGTCTCCTTTTTTTTGCAT
    seed 82: ACCCTTGTTGTTTCTTTTTC
    seed 83: TAGTTTTTTCTTTCCCTTGC
    seed 84: GTCTTTTTTTCCTTTACCTG
    seed 85: TTTTTATCTGTGCTCCTTTC
    seed 86: TTTTCTCTTTCTCTTCTGGA
    seed 87: TGTCTCATTTCCTGTTTTTC
    seed 88: CTTATGTCTTTCGTTTCTCT
    seed 89: ATTCGTTTCTTCCCTTTTTG
    seed 90: TTTCTCTCGTTCTGTATCTT
    seed 91: TCCTCTCTTTTTTCAGTGTT
    seed 92: CTGCCTGTATTCTTTTTTTC
    seed 93: TCTTTTTGCTTTCTCCTGTA
    seed 94: TATTTTTCTTTCCCTGTTGC
    seed 95: ACTTTCCTTTTCTTTTTGGC
    seed 96: CTACTTCTTCTTTGGTTCTT
    seed 97: TGTTCTCTACTTTCTTCGTT
    seed 98: CCGCTTTTTCATTTTTCGTT
    seed 99: CCTTGTTTTCTTCTCGTATT
  ds_41_60             (20 nt, GC=0.30)
    seed 0: GGAATGTATCTCTCTTTTAT
    seed 1: TAATTGTATCATGTTCTGCT
    seed 2: AGTTTCAGGTTCTTTCTATA
    seed 3: TTGGTATATTGTCTTACCTA
    seed 4: CAATATTGGTCTTATTCTGT
    seed 5: TTCCATTTCTATGTTGAAGT
    seed 6: TCTTTTGATGCTTATGTAAC
    seed 7: ATGGTCTATTTCTTAACTGT
    seed 8: TTTGCTTAGTTTTAGTACCA
    seed 9: CGATCCTTGTATATATGTTT
    seed 10: TTTTCTTAGTTGGTAATCCA
    seed 11: TTATAGTGCGTTTCAATTCT
    seed 12: GCAACGTTTTATTCTTATGT
    seed 13: ATGATTGTCTGATTTTTCAC
    seed 14: TTTCATGAAATTCCTGTTGT
    seed 15: TATCTTGCAATTGTCTTTAG
    seed 16: CGTGAATGCCATTTTTATTT
    seed 17: TCGGTTTTTACAGATTCATT
    seed 18: TATAGTTTCGTATTGCTACT
    seed 19: TTTCGATTAGTATTACTCTG
    seed 20: AAGCTTTTTATTTTTGCCAG
    seed 21: TGTATTTACTTAAGCTTGTC
    seed 22: ATTTGTCTTCCTGATATTGA
    seed 23: GACGTATTCATATGTTCTTT
    seed 24: ATCGTTATCACTTTTATGTG
    seed 25: TTCTAAATGCTGTCAGTTTT
    seed 26: CTATTTATTAGTTATGCCGT
    seed 27: ATCTTAGTCGTTTAGTCATT
    seed 28: GTGTTTTAATCCTTTAGTCA
    seed 29: CTTTAGAGGTTTATACTTCT
    seed 30: ATAGTTTTTCAGATCTTCGT
    seed 31: TTCGACCTTATTATTAGTTG
    seed 32: GTACTAGATTCTTAGTTTCT
    seed 33: TTTATGTTTATGAACTGTCC
    seed 34: CTGTATTTTATCATGGATTC
    seed 35: GTATAACTTTGTCTATTCGT
    seed 36: TTCGTGCTTTATTATCTAGA
    seed 37: AGTAACTATTGGCCTTTTTT
    seed 38: GATATCCATTGTTTGTTATC
    seed 39: ACTGTCGTTGTAATTCTTTA
    seed 40: TAATTGTTTAGGTTCTTACC
    seed 41: GTTTTGATAACTGTTACTTC
    seed 42: TGTCTTTTAATACATGTCGT
    seed 43: TGTGTTTCATGTTAAATCTC
    seed 44: TGGTATCTTTTAATGACTCT
    seed 45: ACTTGTTAGTTATTACCTGT
    seed 46: TACGATAGTTTTGTCTCTAT
    seed 47: ATAAATCTGTGTCGTCTTTT
    seed 48: TTTAATTTTCGCAGATGCTT
    seed 49: ACCTTTTACTTGTGATTTGA
    seed 50: TTCTATTTCTTACGGTAGTA
    seed 51: GTCCAATTTATTGTGTTCAT
    seed 52: GATATGGCTTAACTTTCTTT
    seed 53: TCTGTTTATCTTACAGTTAG
    seed 54: TTCTATTGATATATCCGTTG
    seed 55: TAGTTCGTATTTTAGTCTAC
    seed 56: TTATATCAGTTCTGTATTGC
    seed 57: TGCGTCATTCATTTTTTGAA
    seed 58: GCGTTTTAATGTTATCACTT
    seed 59: TTTTTGACTATTCTAGAGTC
    seed 60: TTTCACTTCAAGATTTTGTG
    seed 61: TTCCGAAGTTATATCGTTTT
    seed 62: AATTTTTGAGTACTTGTCCT
    seed 63: TTTTTATGGCTTTCCAGATA
    seed 64: TATAGTTTTACATTGTCTCG
    seed 65: GTGATATTGTATTCTTTCCA
    seed 66: CGTTCTATGTAGTCATTATT
    seed 67: GCTGAATTTTTTATGCTACT
    seed 68: TCGGTTTCTGAATATCTATT
    seed 69: ATCTCGCGGTTATTTAATTT
    seed 70: TCAGTTTTTAGGTACCTATT
    seed 71: ATTTTCGATGACTTCTATGT
    seed 72: TAGTTTCCACGTTAGTTTTA
    seed 73: GTTTTCAAGTTATTTGACTC
    seed 74: ATTTTTCCGTGAAACGTTTT
    seed 75: TCTATTATTGGTTTAGCTAC
    seed 76: TTGTTTAATATTCTCTGGCA
    seed 77: TATGTTCTCTGATATCTTGA
    seed 78: AATGTTGTATGTTTCCACTT
    seed 79: TTAATTTACGGAGTCTTTTC
    seed 80: TCTTAATTGTACTTGTTCAG
    seed 81: TTTAGTTGTACCGTTTCATA
    seed 82: TTGAGACTCTTCTTTATATG
    seed 83: GTCCTCTTAGATTGTATATT
    seed 84: TTGTTAAACTGAGTCTTTTC
    seed 85: TTTTCTAGACCTGAATTTGT
    seed 86: GATTGTGTTAATTCATCTCT
    seed 87: CTTTTATGTAGTACCATTTG
    seed 88: TGATTCATATTGTCTTGCAT
    seed 89: TGCGTTATTATAGTCATTTC
    seed 90: ACATTATGTACTTCTTTGTG
    seed 91: CATATAGGTTTCTGTTTCTA
    seed 92: TTTGTCCTTTGGATTATCAA
    seed 93: TGCATATCGTTTTGATATCT
    seed 94: TTTAATTTCGCTGAATTTCG
    seed 95: TGATTTGTGATACTCTATCT
    seed 96: AATTTTGTTGATATCCTTGC
    seed 97: GCTTTTGCTAAACTTAGTTT
    seed 98: ATTTATCTAGTGATTCGCTT
    seed 99: TGCCCTATGATTGTTTATAT
  ds_61_80             (20 nt, GC=0.50)
    seed 0: AAGGGAAGCTGTGATAAGGG
    seed 1: AGGGTAGGAAGGAGGTAATC
    seed 2: GAGAGTGAAACATGGTGGAG
    seed 3: GAAAGGGGGGATACAGTTAG
    seed 4: AGGTGGGAAATGAGGATGAC
    seed 5: AAATGGTGTCGGAAGAGGAG
    seed 6: GACAGGAGAATTAGGAGGGT
    seed 7: GGAAGTAGACAAGTGGTGAG
    seed 8: GGAATAGGAGCTAGAGGATG
    seed 9: AAGGTTGAAGGGGCGGATAA
    seed 10: GGTATCAGAGGAAAGGGATG
    seed 11: ACGGGAGATAATGTGGAGAG
    seed 12: ATGGAACAGGGAGTGTGAAG
    seed 13: GCAGGGAGATAGAAGAGTGT
    seed 14: AGTAGGAGGGACTTGAAGAG
    seed 15: CGATGTATGGAGAGAGAGGA
    seed 16: TAAAGGGAATGGCATGGGGA
    seed 17: GTAAGATAGGTGAGGCAGGA
    seed 18: CGAGAGGATAAGGTATGGAG
    seed 19: CGAAAGTGGAAGGAGTGTGA
    seed 20: GGATAGTGCGGGAGAAATGA
    seed 21: GAGGGAGGTGCGGAAATAAT
    seed 22: GGAGAGTATATGAGCGGAAG
    seed 23: AGAAGGAATGTGGAGATGCG
    seed 24: GGTAAGGGAGTACAGGTAGA
    seed 25: CGTTGGGAAAAAGTGAGGAG
    seed 26: AAGAAGGGGGATGGCATTAG
    seed 27: GAAGGGACTAGGGGAATGAT
    seed 28: AGATAAGGGAATGCGGAGTG
    seed 29: TGGGGAGAATAAGGGAGATC
    seed 30: GGGATACGAAGAGATGGTAG
    seed 31: GAAAGTTATGAGGGCGAGGA
    seed 32: AAGAGGAGGTTAGGACGATG
    seed 33: TAGGGAGCAGGAGGAGAATT
    seed 34: TAATGGCGAGAAGGAAGGGT
    seed 35: AAGTGGTGGCAATAGGGAAG
    seed 36: AGAAAATCGGGGGGTTAGAG
    seed 37: GAGGGTAGGGAAATGAGTAC
    seed 38: AGAGGTAGGGAGCGAAAGTT
    seed 39: GAAAGTAAGAGGGGATGTCG
    seed 40: GGGAGAGTCGAAGATAGGAT
    seed 41: AGTGAAGAGGTGAAGGTGCA
    seed 42: GAGTAGCAGGGGAGTAGTAA
    seed 43: GAAAGGGAGAATGGGGCTAT
    seed 44: GAATGGAAAGAGGGAGTGTC
    seed 45: GTGTACGGAGAGGAGTAGAA
    seed 46: GGTAGGGACTGAAGTGAAGA
    seed 47: GGGGGAAGACAATAGTGGAT
    seed 48: CGAGGAGTATAAGAGGATGG
    seed 49: GTTCGGGGAGAATAGAGAAG
    seed 50: GATGGCATAGGGTAAAGAGG
    seed 51: AGATGGGCAGTAAAAGGTGG
    seed 52: AGAGGAATGGGGTTGAAACG
    seed 53: GTGAAAGGCAGTGTGAGAGA
    seed 54: GGTGGGCAGAGTGAATAAGA
    seed 55: GGATCTAGGGAAAGAGTGGA
    seed 56: ACGGGATGAGGATAGGAGAT
    seed 57: GATAGTGGTAGAACGAGAGG
    seed 58: ATAGCATGGAAGGGGTGAAG
    seed 59: ATGCGAGTGGGGTAGAGAAA
    seed 60: AGAAGTGATGGAGTCGGAGA
    seed 61: CGTAAGGAGAGGGGTAAGTA
    seed 62: GGGAAGAAGAGGTTGAGTAC
    seed 63: GGGTAGAAATAGGTAGAGCG
    seed 64: AGCGAGGGGGAGGTAATATA
    seed 65: AGAGAGATAAGGGAGCGTTG
    seed 66: TATAAAGGACGAGTGGGGAG
    seed 67: ATAAGGGCGGAGGTATAGAG
    seed 68: GTAAAAGTAAGGGGCAGGTG
    seed 69: GGTATAAAAGGGGAAGGGTC
    seed 70: AAGATACGGGAAGGTTGGAG
    seed 71: GGGCATAGAAGAGGTGGAAT
    seed 72: GGAGGAATGTAACGAGGATG
    seed 73: ATAGGTGGAAGGAGGAGTCA
    seed 74: GACTAGTTAAAGGGAAGGGG
    seed 75: ATGGGAGGGAACTGGAAAGT
    seed 76: AAACAGGGGGGGTTTGAAAG
    seed 77: GGGATGTGTAAGGGAACAAG
    seed 78: GGGATCAGGGAAAATAGTGG
    seed 79: GGGGTGAGTAAGAGAGAACT
    seed 80: CTAAGGGGATGTAGAGGAGA
    seed 81: AGTGAAGAGGTAAGAGTGCG
    seed 82: CGAGAGTGATGTGAAGAGGA
    seed 83: ACTAATGGGAGGGAAGAGTG
    seed 84: TAAGGGGGAAAGAGTCAGGT
    seed 85: AAGGACGAGTTTAGGAGGAG
    seed 86: AGAGAGAGAGGGAAGGTTTC
    seed 87: ATGGGGCAGGAAGTTGAAGA
    seed 88: AAGCATGGGGGATAGGATGA
    seed 89: CATATGGAAGAGAGAGGGGT
    seed 90: GAGGGGAATGTAGTACGAGA
    seed 91: AGAGGGAAAGGTAACTGTGG
    seed 92: AGTAGTTACGAAGAGGGAGG
    seed 93: AAAGGGGTAGGAGAGAGTTC
    seed 94: GCAGGGGGAATAAGGTGATA
    seed 95: CAGAGAAGAGGGTAAGGTTG
    seed 96: GGCGGGAGGAGAGTTAAAAT
    seed 97: ATGGAGATCGGGAGAGATAG
    seed 98: GATGGGTAGACAGGAAATGG
    seed 99: AATATAGAAGGGAGGTGCGG
  ds_81_100            (20 nt, GC=0.35)
    seed 0: TATGGCGACTAGAAAAGATT
    seed 1: GTGTACGAGATAAAAGATTC
    seed 2: TATAATACTGCAAAGGATGG
    seed 3: AACTATATTGAAACGGTGGA
    seed 4: ATAATAGCAGTAAGTGGATC
    seed 5: GGAGAGATTCGATAACTTAA
    seed 6: GACGAAATGCGAATATTGAT
    seed 7: TACTAGGGGCAATAATTGAA
    seed 8: TGGAGAATTACAGGCAAATT
    seed 9: AATAGTTGTGTAGCAACAGA
    seed 10: ATAATCGTAAGCTGTAAAGG
    seed 11: ACGGAAATTCGAAGTTGTAA
    seed 12: AGATACCGTGTGATAAGATA
    seed 13: TCATAATGAACGGGAATTAG
    seed 14: ATAAGGTATTGCTGACGAAA
    seed 15: CTGGTAATTGAACGAAGAAT
    seed 16: TTACTTAAAGATCGAAGGAG
    seed 17: AGCAGGAAAATGTTACATTG
    seed 18: CTGTAATATCGGAATGGAAA
    seed 19: CAGAAAAGGCATTGTGATAT
    seed 20: ATTTAAAACGAGGTGAAGTC
    seed 21: GTATAGAGTTCATCAGAAAG
    seed 22: GGAACATGAAGAATCATGTT
    seed 23: ATATATAGTGAAACGGGTCA
    seed 24: TAGAGAATAGTACGGTATAC
    seed 25: CGGAGTAGCAATATTAAAGT
    seed 26: AAGGGTTAAATAGTCAGTCA
    seed 27: TAAAAACCTTAGTTAGGGGA
    seed 28: CTAAAGGATGATACATTAGG
    seed 29: GTGAAAGTCAGATATAAGTC
    seed 30: GATTAACGGATAAGGTATCA
    seed 31: AGATTTGAAGGAAGCTCTAA
    seed 32: CGAAGGATAATGATTCAAGT
    seed 33: AGGGAATCATATATAACGTG
    seed 34: TGCATACGATGAGTTAAAAG
    seed 35: AGTAGATAACCGGATGTATA
    seed 36: GAACATTCGATTAGAGGTAA
    seed 37: GTTTTTAAAAACAGAGGAGC
    seed 38: TTGAATATAAATCGCAGGAG
    seed 39: AAGAAGCAATAGTTGTGACT
    seed 40: ATGGGTAACAACAAGGTTAT
    seed 41: ATAAACTGTGGATGGATACA
    seed 42: GCATAACGTGTAATATAGAG
    seed 43: ATGCTAGATAAAAGTACTGG
    seed 44: ACAATAAGAGGATTTGGATC
    seed 45: TTAAACGATAGTAGGGATCA
    seed 46: GTGTGATACAAGCTTAAGAA
    seed 47: TAGATAAGACCGGTTTAAGA
    seed 48: CTGTAGAAAGAAGCTATTAG
    seed 49: TTGCGAAAAAATAATGTGCG
    seed 50: GGGATCAAAAATTACGGTTA
    seed 51: AGAGTGACGAAGCATAATTT
    seed 52: CGGTATATGAATGATAAGCA
    seed 53: ATACGGTTCAAAAGTAGAGT
    seed 54: GTTAGACATGTAAGAGCAAT
    seed 55: AGCACGTATGAGGTAATTAA
    seed 56: ACTATGGACGAAAATGGATT
    seed 57: GTGATTTAAAAGACAGACGT
    seed 58: TGAGCGAATGCTATATGAAA
    seed 59: GAGCAAGTATATGAACTTGA
    seed 60: AAGAGTTGGTTCAACAATGA
    seed 61: CTTAAATCGAGATAGTGAAG
    seed 62: GTGGAAGTAATTGAACATAC
    seed 63: TAAAGTGATGAGATAGCACT
    seed 64: GTCTATAAGAAGAATATGGC
    seed 65: AATAAGGACGTATAACGTGT
    seed 66: TCAGAATGTCTAAGGTAAGA
    seed 67: CTAAATACAGGAGATGGTAT
    seed 68: AGATAGTTGCTAATCAAGAG
    seed 69: TATGGCAATATAAAGGTGAC
    seed 70: GATCAGCGAATATGTGATAA
    seed 71: AGACGTCGGTTAAAGTTAAA
    seed 72: GGTAAGATAGCGCTATAAAT
    seed 73: TAGGAGGTAGAAAATCTTCA
    seed 74: TGCAAGGTAGCATGATAATA
    seed 75: ATTGAGAGATACAATCAGTG
    seed 76: GGACATATGGAAGATACTAT
    seed 77: AAGCATTAGGATATGACATG
    seed 78: TGATACAAATCGAGGATTAG
    seed 79: AATTATAAGTCGAGAAGGCT
    seed 80: CTAGGAATTATGGACGAATA
    seed 81: GAAGTAACTATAAGGAGTCT
    seed 82: CACTAGGTAAATAGGTAAGT
    seed 83: ACGAGTGAATGTACGTATAA
    seed 84: AGCGAAGTAATTATTCGAAG
    seed 85: GAATACATGGTACTTGAGAA
    seed 86: ATGACTTGAGTAGAAATAGC
    seed 87: AAGAATCAATTGAGTGGATC
    seed 88: GATCGGAAGGTCAAAATTTA
    seed 89: CATTAAAAGGGTCAATGATG
    seed 90: AAGAATACATTGAGGCGTTA
    seed 91: ATGGATCAAATTGTCAAGGA
    seed 92: GAACATGACGATGGTAAATT
    seed 93: ATAGGTAGCATGAATGAATC
    seed 94: TCGTGAAAAATGCTAAGAGT
    seed 95: CTAAAGCGAGTTTGAATAGA
    seed 96: TACAAGTATCTAGAGAGGAT
    seed 97: AGAAGTTTCTTAAAGGCAAG
    seed 98: TGAAGATAATCATAGACGGT
    seed 99: GCTAGAAGATTATGAATCGA

Loaded 47,962 exons
Total RNAduplex calls: 38,369,600  (8 chunks × 100 seeds × 47,962 exons)

Saved data/test_rnaduplex_finegrained_multiseed_100.csv  (47,962 rows, 1601 cols)
Finished at: Fri Jul 24 20:51:39 EDT 2026
