Hostname: cs618.hpc.nyu.edu
Starting at: Wed Aug  5 15:14:15 EDT 2026
Generating 100 shuffles per chunk (seeds 42-141):
  up_1_10              (10 nt, GC=0.50)
    seed 0: AGCGCTCTAT
    seed 1: TTTAGACGCC
    seed 2: CCTACATGTG
    seed 3: TGTGTACCAC
    seed 4: TGCACATTGC
    seed 5: GTACATTCCG
    seed 6: ATCCGAGTCT
    seed 7: ACCAGTTGTC
    seed 8: CTTCCATGGA
    seed 9: ATCCAGTTGC
    seed 10: GCTCATCATG
    seed 11: GCCTAGACTT
    seed 12: TCTGTCCGAA
    seed 13: TAGCTCCGTA
    seed 14: CTGCCGTTAA
    seed 15: CGGTTCTCAA
    seed 16: ATCGTCGCTA
    seed 17: GGTCTCCATA
    seed 18: GACGTCTCTA
    seed 19: CTGCTGCTAA
    seed 20: GCTTCGATAC
    seed 21: CTTACCGGAT
    seed 22: GTCATTCGAC
    seed 23: TAGTCATCCG
    seed 24: TAACGTCGTC
    seed 25: TGTACGCCAT
    seed 26: TGTTCGCAAC
    seed 27: TTCAACGGCT
    seed 28: TTCCATGCAG
    seed 29: TATTGCGACC
    seed 30: TATGAGCTCC
    seed 31: CGTGCTACAT
    seed 32: CTGGACCTAT
    seed 33: GTGCTACTCA
    seed 34: CGTTCGACAT
    seed 35: GAGTTCACCT
    seed 36: CCGTTGTACA
    seed 37: TCTGAGTCAC
    seed 38: GACTGCTTCA
    seed 39: ATACTGTGCC
    seed 40: TCCATGATGC
    seed 41: TAGGCCATCT
    seed 42: GCCTATTCAG
    seed 43: CGTTTCCGAA
    seed 44: CTATGGATCC
    seed 45: CACGTTAGTC
    seed 46: TAGCCTGATC
    seed 47: GCTGAACCTT
    seed 48: GAATCCGTCT
    seed 49: CTCTCTAGAG
    seed 50: GATCGTCCAT
    seed 51: GCATCCTATG
    seed 52: AGGCCTTTCA
    seed 53: CCTTGAATCG
    seed 54: ACTTGGATCC
    seed 55: CTGCAAGCTT
    seed 56: CCATAGTTCG
    seed 57: CGCCTATAGT
    seed 58: GCATGACTCT
    seed 59: AGCACTTCGT
    seed 60: TGTGACTCAC
    seed 61: TCCGTAGCTA
    seed 62: CATGAGCTCT
    seed 63: GACACTTTCG
    seed 64: GTCTCAATCG
    seed 65: TGGACTTCAC
    seed 66: TCTCAATCGG
    seed 67: CACCTAGGTT
    seed 68: CACGCTATGT
    seed 69: ATCTGACGTC
    seed 70: TCGGATTACC
    seed 71: GTGCCTAATC
    seed 72: ATACGCCGTT
    seed 73: ACGTGTACCT
    seed 74: CACATGGCTT
    seed 75: CCACTGTTGA
    seed 76: GTGCACATCT
    seed 77: CATTCGCAGT
    seed 78: CATGCTTCGA
    seed 79: GTATTAGCCC
    seed 80: GCTCGCTAAT
    seed 81: GCCTAAGTCT
    seed 82: TTACCTGACG
    seed 83: AGTCGCTTAC
    seed 84: TTGTCGCCAA
    seed 85: GTTACCGACT
    seed 86: CATCGTTACG
    seed 87: CTAGTACGCT
    seed 88: GTAGTTCACC
    seed 89: CTCCGTGATA
    seed 90: TGACCGCATT
    seed 91: TTACGGTCCA
    seed 92: GCATCCTAGT
    seed 93: AGCATGTTCC
    seed 94: ACCTTGGTAC
    seed 95: TCAGTCTGAC
    seed 96: TTGTACCGCA
    seed 97: GTGCATCATC
    seed 98: GCCTGTAACT
    seed 99: CTAGCTTACG
  up_11_20             (10 nt, GC=0.50)
    seed 0: TCCTTTCCTG
    seed 1: TGCTTTCCCT
    seed 2: TCTTCTGCCT
    seed 3: CCTTGTCCTT
    seed 4: TCCTCTGCTT
    seed 5: TGTCTTCTCC
    seed 6: TTCTTTCGCC
    seed 7: TTCTTTGCCC
    seed 8: TTCCCTGTCT
    seed 9: TCTCTTTGCC
    seed 10: CCTTTCCTGT
    seed 11: TCTCTCTCGT
    seed 12: TTGCCCCTTT
    seed 13: TTTCGCTCCT
    seed 14: CCCTCTTGTT
    seed 15: TTCTCCGCTT
    seed 16: TGCCTTTCCT
    seed 17: CTTCCTCTGT
    seed 18: TTCCGCCTTT
    seed 19: TGTCCCCTTT
    seed 20: CCCTCTTGTT
    seed 21: TCTTCCTCTG
    seed 22: CTCTGCCTTT
    seed 23: CTCTCTGTCT
    seed 24: GTTCTCCCTT
    seed 25: TCCTTTCCTG
    seed 26: CTTGCCTTTC
    seed 27: GCCTTCTCTT
    seed 28: TGCCTCCTTT
    seed 29: TTGCTCCTCT
    seed 30: GTTCTTTCCC
    seed 31: CCGTTTTCTC
    seed 32: CTCTTCTCTG
    seed 33: CCTTTTCGCT
    seed 34: CCCTCTTTTG
    seed 35: TTCTGCTTCC
    seed 36: CCTGTCCTTT
    seed 37: CCGCTTTCTT
    seed 38: CTCCTCGTTT
    seed 39: TGTCCTTCTC
    seed 40: GCTTCTTTCC
    seed 41: CTCTCCTGTT
    seed 42: TCCCTGTTTC
    seed 43: CTGTCTCCTT
    seed 44: CTTCCTTGCT
    seed 45: TTCCTCTTGC
    seed 46: TTTCTGCTCC
    seed 47: TCCCTTTCGT
    seed 48: CTTTTCTCCG
    seed 49: CGTCCTTCTT
    seed 50: CTTCTGCTTC
    seed 51: TTTTCCCTGC
    seed 52: TCTCCGCTTT
    seed 53: CTCTCTTGCT
    seed 54: TTCGCTTTCC
    seed 55: TGCCTTTCCT
    seed 56: CTTTTCGCCT
    seed 57: CCCTGTTTTC
    seed 58: TTTTCTCCCG
    seed 59: TTCTCCGTCT
    seed 60: GCTTTCCTTC
    seed 61: GCCTCTCTTT
    seed 62: CTGTTCCTTC
    seed 63: TTCTCGTCTC
    seed 64: CTTGCTTCCT
    seed 65: TTCTTCGCTC
    seed 66: TTCCTTGCTC
    seed 67: CTCTCTCTTG
    seed 68: CTCCTCTGTT
    seed 69: TGCCTTCCTT
    seed 70: TTTCTCGTCC
    seed 71: CGTTCCTTTC
    seed 72: TCTCTCTCTG
    seed 73: TCCGTCTCTT
    seed 74: CTCTTTCTGC
    seed 75: CCTTGTTCCT
    seed 76: TGCCTTTCCT
    seed 77: CTCTTCCTTG
    seed 78: TTCTCGTCCT
    seed 79: TTTCGTCCTC
    seed 80: CCTCTTCTTG
    seed 81: TCCTTTCGTC
    seed 82: GTTCTCCTCT
    seed 83: TCCTTCGTTC
    seed 84: TGCCTTCCTT
    seed 85: CTGTTCTTCC
    seed 86: CTCCTTGTTC
    seed 87: TCTTTTCCCG
    seed 88: TTTCCGCTTC
    seed 89: CTTCTCCTGT
    seed 90: TTTTCCCTCG
    seed 91: TGTCTCCCTT
    seed 92: TTTTCCCTCG
    seed 93: TTCTCCTGCT
    seed 94: TCTGTCTCTC
    seed 95: CTTCTCGTTC
    seed 96: GTTCTCTCCT
    seed 97: TCCCTGTTTC
    seed 98: CCCTTCTTTG
    seed 99: CGTCCCTTTT
  ds_1_10              (10 nt, GC=0.60)
    seed 0: CTCGGGTCAA
    seed 1: GACCGATTCG
    seed 2: GCGCTAATCG
    seed 3: CTGGACTCAG
    seed 4: GTCCTAACGG
    seed 5: GACCAGCGTT
    seed 6: CGTGGATACC
    seed 7: CGTAGGATCC
    seed 8: GGCTCAAGTC
    seed 9: ACGCCGGATT
    seed 10: TTGGACCCAG
    seed 11: GTGCATCCAG
    seed 12: GGATCTCGAC
    seed 13: GAGTACGTCC
    seed 14: TCTGCGGAAC
    seed 15: GGTGCCATAC
    seed 16: CACTGGGTCA
    seed 17: TGGTCGCCAA
    seed 18: GCCTATCGGA
    seed 19: GAGTCTCGAC
    seed 20: TTCGCGAACG
    seed 21: GCGATCGTCA
    seed 22: TGTCACCGAG
    seed 23: CATGTCAGCG
    seed 24: AACCGCTTGG
    seed 25: GTCCGGCTAA
    seed 26: CGGATTGACC
    seed 27: ACCCATGTGG
    seed 28: GATCACTGCG
    seed 29: GAACGTTCCG
    seed 30: AAGTCGGCTC
    seed 31: TTAGGGCCAC
    seed 32: CGTGATGCCA
    seed 33: TCGGGATACC
    seed 34: CTCGTGAGCA
    seed 35: GATGACCGTC
    seed 36: CTGAGTCAGC
    seed 37: CCATCGGTAG
    seed 38: TACCGTAGGC
    seed 39: AACCCGGTGT
    seed 40: ATGACGCGTC
    seed 41: CATGCTCAGG
    seed 42: GTCCAAGGCT
    seed 43: TGAGCGCTAC
    seed 44: TGACTGCACG
    seed 45: GCCTGCAGAT
    seed 46: GAGCGATCCT
    seed 47: GTCTCAGCAG
    seed 48: TACGGTGCCA
    seed 49: TAGCCGCTAG
    seed 50: TAGTGACGCC
    seed 51: GGAGCTCCAT
    seed 52: CTGCTACGGA
    seed 53: CGCGTCAATG
    seed 54: AGCATGCGTC
    seed 55: GATTCAGCCG
    seed 56: TGCGATACCG
    seed 57: TTCGAAGCGC
    seed 58: GGCGTACCTA
    seed 59: CGCATCAGTG
    seed 60: ATGGACCGCT
    seed 61: ATCGCCTGGA
    seed 62: TAAGCTCGGC
    seed 63: GATCCAGCGT
    seed 64: TGGACACCTG
    seed 65: GGTAGCACCT
    seed 66: GGCTACACGT
    seed 67: CATGCCTGGA
    seed 68: CCTTGCAAGG
    seed 69: AACCGCTTGG
    seed 70: GGGTACACTC
    seed 71: TAGGCCCAGT
    seed 72: CCACGTGTGA
    seed 73: ATTAGCCCGG
    seed 74: CCTAGGTGAC
    seed 75: CTAGAGGCTC
    seed 76: GATTAGCCCG
    seed 77: CCCGGTTAGA
    seed 78: GCCGTAGCTA
    seed 79: GGCCAATTGC
    seed 80: TTGCGGCACA
    seed 81: GTCGACTAGC
    seed 82: AGACGCTCTG
    seed 83: ATCGGTAGCC
    seed 84: GATCGGTCAC
    seed 85: TGACGTGACC
    seed 86: TACCGGACGT
    seed 87: GCAGGCCTTA
    seed 88: GGATCACCGT
    seed 89: CGGTGCTAAC
    seed 90: GGCGCTTACA
    seed 91: GAACGTCTGC
    seed 92: GGAGTCCCTA
    seed 93: AGTCCTGACG
    seed 94: ACGAGTGCCT
    seed 95: CGATGTAGCC
    seed 96: AGGCATGTCC
    seed 97: GCTCCAGAGT
    seed 98: TCTGGCACGA
    seed 99: CAATTCGCGG
  ds_11_20             (10 nt, GC=0.60)
    seed 0: GATCGTGCAC
    seed 1: TCCGCAGATG
    seed 2: GTTGGACACC
    seed 3: CATCCGGTAG
    seed 4: TATGGACCCG
    seed 5: CCGTATCGGA
    seed 6: GTGGCAACTC
    seed 7: GGGACTCACT
    seed 8: GTCGTACCAG
    seed 9: ACGTGCTCAG
    seed 10: AGTGACTGCC
    seed 11: CGGCAAGTCT
    seed 12: TGCACGTCAG
    seed 13: TACGCTGACG
    seed 14: GCAGTCTCAG
    seed 15: GCATCTCGAG
    seed 16: GCTATGCGCA
    seed 17: ACTGCGTGCA
    seed 18: CGTACGCGTA
    seed 19: GCCGCATTAG
    seed 20: AGCTTCACGG
    seed 21: GCTAGTCAGC
    seed 22: ATGGCCTCAG
    seed 23: CAATGGCGTC
    seed 24: CAGTCCGATG
    seed 25: TACGGCTGAC
    seed 26: CCTCGAGAGT
    seed 27: CCTGAGCAGT
    seed 28: TCGTACAGGC
    seed 29: TACCCGAGTG
    seed 30: CATAGCGCGT
    seed 31: GACCGTGTAC
    seed 32: TTACAGGCGC
    seed 33: ACCGTAGCTG
    seed 34: TACTGCAGGC
    seed 35: CAATCTGGGC
    seed 36: TGCCTACAGG
    seed 37: CTCAGCTGAG
    seed 38: AATCCGCTGG
    seed 39: ACGTCCTAGG
    seed 40: CGGACCGTAT
    seed 41: CAACTGGCGT
    seed 42: CGTCACTGGA
    seed 43: GCCTCGTAAG
    seed 44: GTACACGCTG
    seed 45: GGTATCACCG
    seed 46: TACTGCAGCG
    seed 47: CGCAGAGTCT
    seed 48: AAGTGGCCTC
    seed 49: GCGCTTGAAC
    seed 50: AATGCCTGGC
    seed 51: CGATTGCGCA
    seed 52: GACTGCCTGA
    seed 53: TGCTAGACGC
    seed 54: AGCCACGTGT
    seed 55: GCAGGACTCT
    seed 56: GGGTAACCTC
    seed 57: GATGCATGCC
    seed 58: CGGTAATCGC
    seed 59: GCTAGCCGAT
    seed 60: CATCATCGGG
    seed 61: CGTCCGAGTA
    seed 62: GACCGATTGC
    seed 63: CAGGTCTCGA
    seed 64: ATGCTAGCGC
    seed 65: TCAAGCCTGG
    seed 66: TGCGAGCTCA
    seed 67: TAGGCGACTC
    seed 68: TGGAGCACCT
    seed 69: ACTCCGGATG
    seed 70: TGCAACCGGT
    seed 71: ACCGTCGATG
    seed 72: GCATCGGATC
    seed 73: AGACCCGTGT
    seed 74: TGGATCAGCC
    seed 75: TGAGCCTCAG
    seed 76: CCAGAGGCTT
    seed 77: TGCTGAGACC
    seed 78: GGCCGCTTAA
    seed 79: CTGCCAAGGT
    seed 80: AGTTCGCAGC
    seed 81: CGTTAGACGC
    seed 82: CTATGCAGGC
    seed 83: AACGCGCTGT
    seed 84: TCACGCGTAG
    seed 85: ATCGGGCATC
    seed 86: GACTCTCGGA
    seed 87: GCACTGTAGC
    seed 88: CTAACCTGGG
    seed 89: TTGGCCAACG
    seed 90: TCGGTAGACC
    seed 91: TCATCACGGG
    seed 92: CGATGTCGAC
    seed 93: ACGGCATCTG
    seed 94: ATGCTACCGG
    seed 95: CGAATGCCGT
    seed 96: CTCCAGGATG
    seed 97: CCATGCGATG
    seed 98: ATGTCCAGGC
    seed 99: TCAAGCTGGC

Loaded 47,962 exons
Total RNAduplex calls: 19,184,800  (4 chunks × 100 seeds × 47,962 exons)

Saved data/test_rnaduplex_finegrained_10nt_multiseed_100.csv  (47,962 rows, 801 cols)
Finished at: Wed Aug  5 17:04:17 EDT 2026
